// Jest Snapshot v1, https://goo.gl/fbAQLP

exports[`render correctly 1`] = `
<DocumentFragment>
  <span
    class="date"
  >
     
    <i>
      28 minutes ago
    </i>
     
  </span>
</DocumentFragment>
`;
