// Jest Snapshot v1, https://goo.gl/fbAQLP

exports[`renders correctly 1`] = `
<DocumentFragment>
  <nav>
    <li>
      <a
        href="/"
      >
        Home
      </a>
    </li>
    <li>
      <a
        href="/notifications"
      >
        Notifications
      </a>
    </li>
  </nav>
</DocumentFragment>
`;
